// Jest Snapshot v1, https://goo.gl/fbAQLP

exports[`DeleteHome should match screenshot 1`] = `
<div
  className="d-flex  justify-content-center flex-wrap cardContainer pt-5"
>
  <div
    className="card align-self-start deleteCard"
    style={
      Object {
        "width": "18rem",
      }
    }
  >
    <img
      alt="..."
      className="card-img-top cardImage"
      src="https://images.pexels.com/photos/2102587/pexels-photo-2102587.jpeg?auto=compress&cs=tinysrgb&w=600"
    />
    <div
      className="card-body"
    >
      <h5
        className="card-title"
      >
        Cottage by Maxwell
      </h5>
      <p
        className="card-text"
      >
        Sao Paulo, Brazil
      </p>
      <button
        className="btn btn-danger"
        onClick={[Function]}
        type="button"
      >
        Delete Home
      </button>
    </div>
  </div>
</div>
`;
